[WARN] Game doesn't have ReleaseInfo. We can't check version compatibility, so assuming all mods are supported.
[INFO] Registered 22 migrations
[INFO] Current save versions: PrefsSave v2; ProfileSave v2; SerializableProgress v24; RunHistory v10; SerializableRun v20; SettingsSave v8
[INFO] Profile-scoped data path initialized: user://default/1/profile0
[INFO] Patched Task.Yield() to be synchronous
[INFO] Found Cmd.Wait(Single,Boolean)
[INFO] Patched Cmd.Wait variant
[INFO] Found Cmd.Wait(Single,CancellationToken,Boolean)
[INFO] Patched Cmd.Wait variant
[INFO] Patched TalkCmd.Play() to no-op (prevents enemy-move VFX crash, issue #64)
[INFO] Loaded 46 localization tables from /Users/yzxoi/RSI-Jev-Slay-the-Spire-2/vendor/sts2-cli/src/Sts2Headless/bin/Debug/net9.0/../../../../../localization_eng
[DEBUG] LocManager inst field: _tables (Dictionary`2)
[DEBUG] LocManager inst field: _engTables (Dictionary`2)
[DEBUG] LocManager inst field: _stateBeforeOverridingWithEnglish (PreOverrideState)
[DEBUG] LocManager inst field: _languageKeyCount (Dictionary`2)
[DEBUG] LocManager inst field: <OverridesActive>k__BackingField (Boolean)
[DEBUG] LocManager inst field: <ValidationErrors>k__BackingField (IReadOnlyList`1)
[DEBUG] LocManager inst field: _localeChangeCallbacks (List`1)
[DEBUG] LocManager inst field: <Language>k__BackingField (String)
[DEBUG] LocManager inst field: <CultureInfo>k__BackingField (CultureInfo)
[DEBUG] LocManager inst field: <StringComparer>k__BackingField (StringComparer)
[DEBUG] LocManager static field: <Instance>k__BackingField (LocManager)
[DEBUG] LocManager static field: _smartFormatter (SmartFormatter)
[DEBUG] LocManager static field: _weblateToGameLanguage (Dictionary`2)
[DEBUG] LocManager static field: _gameToWeblateLanguage (Dictionary`2)
[DEBUG] LocManager static field: _supportedLanguages (ValueTuple`2[])
[DEBUG] LocManager static field: <Languages>k__BackingField (List`1)
[DEBUG] LocManager static field: _cultureCodeByLanguage (Dictionary`2)
[DEBUG] LocManager static field: _englishCultureInfo (CultureInfo)
[DEBUG] LocManager static field: _weblateProjectSlug (String)
[DEBUG] LocManager static field: locOverrideDir (String)
[DEBUG] sfField: _smartFormatter type: SmartFormatter
[DEBUG] SmartFormatter has 1 constructors:
  (SmartSettings settings)
[INFO] SmartFormatter initialized via LoadLocFormatters
[INFO] LocManager initialized with stub tables
[INFO] Patched LocTable.GetRawText
[INFO] Patched FromChooseABundleScreen
[INFO] Patched Neutralize.OnPlay
[INFO] ModelDb: 1660 registered, 0 failed out of 1660
[INFO] ModelIdSerializationCache initialized. Categories: 20 Entries: 1658 Epochs: 57 Properties: 47 Hash: 1568834832
[INFO] ModelIdSerializationCache initialized
[SIM] Creating RunState with seed=a0_e033_dev_002
[INFO] File `release_info.json` not found in any of the expected locations.
[SIM] Rooms generated
[SIM] Run launched
[SIM] Starting relics finalized
[WARN] Asset not cached: res://images/enchantments/missing_enchantment.png
[WARN] Asset not cached: res://images/atlases/ui_atlas.sprites/card/energy_ironclad.tres
[SIM] Entered Act 0
[SIM] Choosing option 0
[SIM] Bundle selection pending: 2 packs
[SIM] Bundle selection: pack 1
[SIM] Choosing option 1
[SIM] Event Neow finished, proceeding
[SIM] Moving to map coord (1,1)
[SIM] Playing card ShrugItOff (index 0) targeting none
[INFO] Player 1 playing card SHRUG_IT_OFF (no target)
[SIM] Playing card Cruelty (index 2) targeting none
[INFO] Player 1 playing card CRUELTY (no target)
[SIM] Playing card DefendIronclad (index 1) targeting none
[INFO] Player 1 playing card DEFEND_IRONCLAD (no target)
[SIM] Ending turn (round=1)
[SIM] Playing card PommelStrike (index 4) targeting Nibbit
[INFO] Player 1 playing card POMMEL_STRIKE (targeting NIBBIT.name (index 1))
[SIM] Playing card DefendIronclad (index 0) targeting none
[INFO] Player 1 playing card DEFEND_IRONCLAD (no target)
[SIM] Playing card StrikeIronclad (index 0) targeting Nibbit
[INFO] Player 1 playing card STRIKE_IRONCLAD (targeting NIBBIT.name (index 1))
[SIM] Ending turn (round=2)
[SIM] Playing card StrikeIronclad (index 0) targeting Nibbit
[INFO] Player 1 playing card STRIKE_IRONCLAD (targeting NIBBIT.name (index 1))
[SIM] Playing card StrikeIronclad (index 0) targeting Nibbit
[INFO] Player 1 playing card STRIKE_IRONCLAD (targeting NIBBIT.name (index 1))
[SIM] Playing card StrikeIronclad (index 1) targeting Nibbit
[INFO] Player 1 playing card STRIKE_IRONCLAD (targeting NIBBIT.name (index 1))
[SIM] Ending turn (round=3)
[SIM] Playing card Bash (index 2) targeting Nibbit
[INFO] Player 1 playing card BASH (targeting NIBBIT.name (index 1))
[SIM] Playing card PommelStrike (index 0) targeting Nibbit
[INFO] Player 1 playing card POMMEL_STRIKE (targeting NIBBIT.name (index 1))
[INFO] CHARACTER.IRONCLAD fought ENCOUNTER.NIBBITS_WEAK for the first time and WON >:)
[INFO] CHARACTER.IRONCLAD fought MONSTER.NIBBIT for the first time and WON >:(
[SIM] Post-combat: RoomType=Monster, IsPreFinished=True
[INFO] Card rarity: Rolled 0.5214081, need < -0.020000001 for rare (offset = -0.05)
[INFO] Card rarity: Rolled 0.95945865, need < -0.01 for rare (offset = -0.04)
[INFO] Card rarity: Rolled 0.13114384, need < 0 for rare (offset = -0.03)
[INFO] Player 1 obtained 11 gold from reward
[INFO] Player 1 obtained POTION.POWER_POTION from potion reward
[SIM] Selected card reward: Pillage
[SIM] Post-combat: RoomType=Monster, IsPreFinished=True
[SIM] Moving to map coord (1,2)
[SIM] Playing card StrikeIronclad (index 0) targeting TwigSlimeS
[INFO] Player 1 playing card STRIKE_IRONCLAD (targeting TWIG_SLIME_S.name (index 3))
[SIM] Playing card Pillage (index 1) targeting TwigSlimeS
[INFO] Player 1 playing card PILLAGE (targeting TWIG_SLIME_S.name (index 3))
[SIM] Playing card ShrugItOff (index 2) targeting none
[INFO] Player 1 playing card SHRUG_IT_OFF (no target)
[SIM] Ending turn (round=1)
[SIM] Playing card Bash (index 0) targeting LeafSlimeS
[INFO] Player 1 playing card BASH (targeting LEAF_SLIME_S.name (index 1))
[SIM] Playing card StrikeIronclad (index 0) targeting LeafSlimeS
[INFO] Player 1 playing card STRIKE_IRONCLAD (targeting LEAF_SLIME_S.name (index 1))
[SIM] Ending turn (round=2)
[SIM] Playing card Bash (index 3) targeting TwigSlimeM
[INFO] Player 1 playing card BASH (targeting TWIG_SLIME_M.name (index 1))
[SIM] Playing card PommelStrike (index 0) targeting TwigSlimeM
[INFO] Player 1 playing card POMMEL_STRIKE (targeting TWIG_SLIME_M.name (index 1))
[SIM] Ending turn (round=3)
[SIM] Playing card StrikeIronclad (index 1) targeting TwigSlimeM
[INFO] Player 1 playing card STRIKE_IRONCLAD (targeting TWIG_SLIME_M.name (index 1))
[INFO] CHARACTER.IRONCLAD fought ENCOUNTER.SLIMES_WEAK for the first time and WON >:)
[INFO] CHARACTER.IRONCLAD fought MONSTER.LEAF_SLIME_S for the first time and WON >:(
[INFO] CHARACTER.IRONCLAD fought MONSTER.TWIG_SLIME_M for the first time and WON >:(
[INFO] CHARACTER.IRONCLAD fought MONSTER.TWIG_SLIME_S for the first time and WON >:(
[SIM] Post-combat: RoomType=Monster, IsPreFinished=True
[INFO] Card rarity: Rolled 0.7556672, need < 0.01 for rare (offset = -0.02)
[INFO] Card rarity: Rolled 0.6796669, need < 0.02 for rare (offset = -0.01)
[INFO] Card rarity: Rolled 0.35650313, need < 0.03 for rare (offset = 0)
[INFO] Player 1 obtained 20 gold from reward
[INFO] Player 1 obtained POTION.ATTACK_POTION from potion reward
[SIM] Selected card reward: Unrelenting
[SIM] Post-combat: RoomType=Monster, IsPreFinished=True
[SIM] Moving to map coord (1,3)
[INFO] Card rarity: Rolled 0.946709, need < 0.1 for rare (offset = 0.01)
[INFO] Card rarity: Rolled 0.70929354, need < 0.1 for rare (offset = 0.01)
[INFO] Card rarity: Rolled 0.5856972, need < 0.1 for rare (offset = 0.01)
[INFO] Card rarity: Rolled 0.87408453, need < 0.1 for rare (offset = 0.01)
[INFO] Card rarity: Rolled 0.9014199, need < 0.1 for rare (offset = 0.01)
[SIM] Bought card: ? for 50g
[SIM] Bought card: ? for 25g
[SIM] Bought card: ? for 51g
[SIM] Leaving room
[SIM] Force leaving non-combat room to map
[SIM] Moving to map coord (2,4)
[SIM] Playing card Unrelenting (index 0) targeting ShrinkerBeetle
[INFO] Player 1 playing card UNRELENTING (targeting SHRINKER_BEETLE.name (index 1))
[SIM] Playing card Cruelty (index 0) targeting none
[INFO] Player 1 playing card CRUELTY (no target)
[SIM] Ending turn (round=1)
[SIM] Playing card ShrugItOff (index 0) targeting none
[INFO] Player 1 playing card SHRUG_IT_OFF (no target)
[SIM] Playing card ShrugItOff (index 0) targeting none
[INFO] Player 1 playing card SHRUG_IT_OFF (no target)
[SIM] Playing card BodySlam (index 3) targeting ShrinkerBeetle
[INFO] Player 1 playing card BODY_SLAM (targeting SHRINKER_BEETLE.name (index 1))
[SIM] Playing card StrikeIronclad (index 0) targeting ShrinkerBeetle
[INFO] Player 1 playing card STRIKE_IRONCLAD (targeting SHRINKER_BEETLE.name (index 1))
[SIM] Ending turn (round=2)
[SIM] Playing card PommelStrike (index 3) targeting ShrinkerBeetle
[INFO] Player 1 playing card POMMEL_STRIKE (targeting SHRINKER_BEETLE.name (index 1))
[SIM] Playing card Bash (index 2) targeting ShrinkerBeetle
[INFO] Player 1 playing card BASH (targeting SHRINKER_BEETLE.name (index 1))
[INFO] CHARACTER.IRONCLAD fought ENCOUNTER.SHRINKER_BEETLE_WEAK for the first time and WON >:)
[INFO] CHARACTER.IRONCLAD fought MONSTER.SHRINKER_BEETLE for the first time and WON >:(
[SIM] Post-combat: RoomType=Monster, IsPreFinished=True
[INFO] Card rarity: Rolled 0.393757, need < 0.04 for rare (offset = 0.01)
[INFO] Card rarity: Rolled 0.4916628, need < 0.049999997 for rare (offset = 0.02)
[INFO] Card rarity: Rolled 0.6376261, need < 0.06 for rare (offset = 0.03)
[INFO] Player 1 obtained 10 gold from reward
[SIM] Selected card reward: Colossus
[SIM] Post-combat: RoomType=Monster, IsPreFinished=True
[SIM] Moving to map coord (1,5)
[SIM] Playing card Bash (index 2) targeting Fogmog
[INFO] Player 1 playing card BASH (targeting FOGMOG.name (index 1))
[SIM] Playing card PommelStrike (index 1) targeting Fogmog
[INFO] Player 1 playing card POMMEL_STRIKE (targeting FOGMOG.name (index 1))
[SIM] Ending turn (round=1)
[SIM] Playing card ShrugItOff (index 4) targeting none
[INFO] Player 1 playing card SHRUG_IT_OFF (no target)
[SIM] Playing card BodySlam (index 0) targeting EyeWithTeeth
[INFO] Player 1 playing card BODY_SLAM (targeting EYE_WITH_TEETH.name (index 1))
[SIM] Playing card PommelStrike (index 2) targeting Fogmog
[INFO] Player 1 playing card POMMEL_STRIKE (targeting FOGMOG.name (index 2))
[SIM] Ending turn (round=2)
[SIM] Playing card StrikeIronclad (index 0) targeting EyeWithTeeth
[INFO] Player 1 playing card STRIKE_IRONCLAD (targeting EYE_WITH_TEETH.name (index 1))
[SIM] Playing card DefendIronclad (index 1) targeting none
[INFO] Player 1 playing card DEFEND_IRONCLAD (no target)
[SIM] Playing card DefendIronclad (index 1) targeting none
[INFO] Player 1 playing card DEFEND_IRONCLAD (no target)
[SIM] Ending turn (round=3)
[SIM] Playing card StrikeIronclad (index 1) targeting EyeWithTeeth
[INFO] Player 1 playing card STRIKE_IRONCLAD (targeting EYE_WITH_TEETH.name (index 1))
[SIM] Playing card PommelStrike (index 2) targeting Fogmog
[INFO] Player 1 playing card POMMEL_STRIKE (targeting FOGMOG.name (index 2))
[SIM] Playing card DefendIronclad (index 0) targeting none
[INFO] Player 1 playing card DEFEND_IRONCLAD (no target)
[SIM] Ending turn (round=4)
[SIM] Playing card ShrugItOff (index 1) targeting none
[INFO] Player 1 playing card SHRUG_IT_OFF (no target)
[SIM] Playing card StrikeIronclad (index 2) targeting EyeWithTeeth
[INFO] Player 1 playing card STRIKE_IRONCLAD (targeting EYE_WITH_TEETH.name (index 1))
[SIM] Playing card PommelStrike (index 1) targeting Fogmog
[INFO] Player 1 playing card POMMEL_STRIKE (targeting FOGMOG.name (index 2))
[SIM] Ending turn (round=5)
[SIM] Playing card StrikeIronclad (index 1) targeting EyeWithTeeth
[INFO] Player 1 playing card STRIKE_IRONCLAD (targeting EYE_WITH_TEETH.name (index 1))
[SIM] Playing card DefendIronclad (index 3) targeting none
[INFO] Player 1 playing card DEFEND_IRONCLAD (no target)
[SIM] Playing card Colossus (index 0) targeting none
[INFO] Player 1 playing card COLOSSUS (no target)
[SIM] Ending turn (round=6)
[SIM] Playing card Unrelenting (index 4) targeting Fogmog
[INFO] Player 1 playing card UNRELENTING (targeting FOGMOG.name (index 2))
[SIM] Playing card PommelStrike (index 3) targeting Fogmog
[INFO] Player 1 playing card POMMEL_STRIKE (targeting FOGMOG.name (index 2))
[INFO] CHARACTER.IRONCLAD fought ENCOUNTER.FOGMOG_NORMAL for the first time and WON >:)
[INFO] CHARACTER.IRONCLAD fought MONSTER.FOGMOG for the first time and WON >:(
[INFO] CHARACTER.IRONCLAD fought MONSTER.EYE_WITH_TEETH for the first time and WON >:(
[SIM] Post-combat: RoomType=Monster, IsPreFinished=True
[INFO] Card rarity: Rolled 0.7278981, need < 0.07 for rare (offset = 0.04)
[INFO] Card rarity: Rolled 0.078190565, need < 0.08 for rare (offset = 0.049999997)
[INFO] Card rarity: Rolled 0.35927817, need < -0.020000001 for rare (offset = -0.05)
[INFO] Player 1 obtained 12 gold from reward
[SIM] Selected card reward: Thrash
[SIM] Post-combat: RoomType=Monster, IsPreFinished=True
[SIM] Moving to map coord (0,6)
[SIM] Choosing option 0
[SIM] Rest site: choosing option 0
[SIM] Rest site: option chosen (non-Smith), waiting for action then forcing to map
[SIM] Moving to map coord (0,7)
[SIM] Playing card PommelStrike (index 0) targeting BygoneEffigy
[INFO] Player 1 playing card POMMEL_STRIKE (targeting BYGONE_EFFIGY.name (index 1))
[SIM] Playing card StrikeIronclad (index 3) targeting BygoneEffigy
[INFO] Player 1 playing card STRIKE_IRONCLAD (targeting BYGONE_EFFIGY.name (index 1))
[SIM] Playing card StrikeIronclad (index 3) targeting BygoneEffigy
[INFO] Player 1 playing card STRIKE_IRONCLAD (targeting BYGONE_EFFIGY.name (index 1))
[SIM] Ending turn (round=1)
[SIM] Playing card Bash (index 2) targeting BygoneEffigy
[INFO] Player 1 playing card BASH (targeting BYGONE_EFFIGY.name (index 1))
[SIM] Playing card PommelStrike (index 0) targeting BygoneEffigy
[INFO] Player 1 playing card POMMEL_STRIKE (targeting BYGONE_EFFIGY.name (index 1))
[SIM] Ending turn (round=2)
[SIM] Playing card ShrugItOff (index 3) targeting none
[INFO] Player 1 playing card SHRUG_IT_OFF (no target)
[SIM] Playing card StrikeIronclad (index 0) targeting BygoneEffigy
[INFO] Player 1 playing card STRIKE_IRONCLAD (targeting BYGONE_EFFIGY.name (index 1))
[SIM] Playing card StrikeIronclad (index 3) targeting BygoneEffigy
[INFO] Player 1 playing card STRIKE_IRONCLAD (targeting BYGONE_EFFIGY.name (index 1))
[SIM] Ending turn (round=3)
[SIM] Playing card DefendIronclad (index 3) targeting none
[INFO] Player 1 playing card DEFEND_IRONCLAD (no target)
[SIM] Playing card DefendIronclad (index 3) targeting none
[INFO] Player 1 playing card DEFEND_IRONCLAD (no target)
[SIM] Playing card Pillage (index 1) targeting BygoneEffigy
[INFO] Player 1 playing card PILLAGE (targeting BYGONE_EFFIGY.name (index 1))
[SIM] Ending turn (round=4)
[SIM] Playing card ShrugItOff (index 0) targeting none
[INFO] Player 1 playing card SHRUG_IT_OFF (no target)
[SIM] Playing card ShrugItOff (index 2) targeting none
[INFO] Player 1 playing card SHRUG_IT_OFF (no target)
[SIM] Playing card BodySlam (index 0) targeting BygoneEffigy
[INFO] Player 1 playing card BODY_SLAM (targeting BYGONE_EFFIGY.name (index 1))
[SIM] Ending turn (round=5)
[SIM] Playing card Bash (index 4) targeting BygoneEffigy
[INFO] Player 1 playing card BASH (targeting BYGONE_EFFIGY.name (index 1))
[SIM] Playing card PommelStrike (index 2) targeting BygoneEffigy
[INFO] Player 1 playing card POMMEL_STRIKE (targeting BYGONE_EFFIGY.name (index 1))
[SIM] Ending turn (round=6)
[SIM] Playing card PommelStrike (index 1) targeting BygoneEffigy
[INFO] Player 1 playing card POMMEL_STRIKE (targeting BYGONE_EFFIGY.name (index 1))
[SIM] Playing card StrikeIronclad (index 0) targeting BygoneEffigy
[INFO] Player 1 playing card STRIKE_IRONCLAD (targeting BYGONE_EFFIGY.name (index 1))
[INFO] CHARACTER.IRONCLAD fought ENCOUNTER.BYGONE_EFFIGY_ELITE for the first time and WON >:)
[INFO] Elites Defeated: 1/12
[INFO] CHARACTER.IRONCLAD fought MONSTER.BYGONE_EFFIGY for the first time and WON >:(
[SIM] Post-combat: RoomType=Elite, IsPreFinished=True
[INFO] Card rarity: Rolled 0.04743744, need < 0.060000002 for rare (offset = -0.04)
[INFO] Card rarity: Rolled 0.15781407, need < 0.05 for rare (offset = -0.05)
[INFO] Card rarity: Rolled 0.90026623, need < 0.060000002 for rare (offset = -0.04)
[INFO] Player 1 obtained 38 gold from reward
[INFO] Player 1 obtained RELIC.STONE_CRACKER from relic reward
[SIM] Selected card reward: DemonForm
[SIM] Post-combat: RoomType=Elite, IsPreFinished=True
[SIM] Moving to map coord (0,8)
[SIM] Choosing option 0
[SIM] Event ThisOrThat finished, proceeding
[SIM] Moving to map coord (0,9)
[SIM] Treasure room — collecting rewards
[SIM] Auto-picking treasure relic 0 of 1
[SIM] Moving to map coord (1,10)
[SIM] Choosing option 1
[SIM] Event JungleMazeAdventure finished, proceeding
[SIM] Moving to map coord (1,11)
[SIM] Choosing option 0
[SIM] Rest site: choosing option 0
[SIM] Rest site: option chosen (non-Smith), waiting for action then forcing to map
[SIM] Moving to map coord (2,12)
[SIM] Playing card Unrelenting (index 1) targeting Inklet
[INFO] Player 1 playing card UNRELENTING (targeting INKLET.name (index 2))
[SIM] Playing card ShrugItOff (index 0) targeting none
[INFO] Player 1 playing card SHRUG_IT_OFF (no target)
[SIM] Playing card StrikeIronclad (index 0) targeting Inklet
[INFO] Player 1 playing card STRIKE_IRONCLAD (targeting INKLET.name (index 3))
[SIM] Ending turn (round=1)
[SIM] Playing card PommelStrike (index 1) targeting Inklet
[INFO] Player 1 playing card POMMEL_STRIKE (targeting INKLET.name (index 3))
[SIM] Playing card PommelStrike (index 4) targeting Inklet
[INFO] Player 1 playing card POMMEL_STRIKE (targeting INKLET.name (index 3))
[SIM] Playing card DefendIronclad (index 2) targeting none
[INFO] Player 1 playing card DEFEND_IRONCLAD (no target)
[SIM] Ending turn (round=2)
[SIM] Playing card Bash (index 1) targeting Inklet
[INFO] Player 1 playing card BASH (targeting INKLET.name (index 2))
[SIM] Playing card StrikeIronclad (index 2) targeting Inklet
[INFO] Player 1 playing card STRIKE_IRONCLAD (targeting INKLET.name (index 2))
[SIM] Ending turn (round=3)
[SIM] Playing card ShrugItOff (index 0) targeting none
[INFO] Player 1 playing card SHRUG_IT_OFF (no target)
[SIM] Playing card BodySlam (index 0) targeting Inklet
[INFO] Player 1 playing card BODY_SLAM (targeting INKLET.name (index 1))
[SIM] Playing card Pillage (index 0) targeting Inklet
[INFO] Player 1 playing card PILLAGE (targeting INKLET.name (index 1))
[SIM] Ending turn (round=4)
[SIM] Playing card Bash (index 0) targeting Inklet
[INFO] Player 1 playing card BASH (targeting INKLET.name (index 1))
[SIM] Playing card StrikeIronclad (index 0) targeting Inklet
[INFO] Player 1 playing card STRIKE_IRONCLAD (targeting INKLET.name (index 1))
[INFO] CHARACTER.IRONCLAD fought ENCOUNTER.INKLETS_NORMAL for the first time and WON >:)
[INFO] CHARACTER.IRONCLAD fought MONSTER.INKLET for the first time and WON >:(
[SIM] Post-combat: RoomType=Monster, IsPreFinished=True
[INFO] Card rarity: Rolled 0.11155717, need < 0 for rare (offset = -0.03)
[INFO] Card rarity: Rolled 0.38823554, need < 0.01 for rare (offset = -0.02)
[INFO] Card rarity: Rolled 0.21731295, need < 0.02 for rare (offset = -0.01)
[INFO] Player 1 obtained 20 gold from reward
[SIM] Selected card reward: Unrelenting
[SIM] Post-combat: RoomType=Monster, IsPreFinished=True
[SIM] Moving to map coord (2,13)
[SIM] Playing card StrikeIronclad (index 0) targeting Mawler
[INFO] Player 1 playing card STRIKE_IRONCLAD (targeting MAWLER.name (index 1))
[SIM] Playing card Cruelty (index 3) targeting none
[INFO] Player 1 playing card CRUELTY (no target)
[SIM] Playing card StrikeIronclad (index 0) targeting Mawler
[INFO] Player 1 playing card STRIKE_IRONCLAD (targeting MAWLER.name (index 1))
[SIM] Ending turn (round=1)
[SIM] Playing card ShrugItOff (index 1) targeting none
[INFO] Player 1 playing card SHRUG_IT_OFF (no target)
[SIM] Playing card ShrugItOff (index 4) targeting none
[INFO] Player 1 playing card SHRUG_IT_OFF (no target)
[SIM] Playing card PommelStrike (index 4) targeting Mawler
[INFO] Player 1 playing card POMMEL_STRIKE (targeting MAWLER.name (index 1))
[SIM] Ending turn (round=2)
[SIM] Playing card DemonForm (index 1) targeting none
[INFO] Player 1 playing card DEMON_FORM (no target)
[SIM] Ending turn (round=3)
[SIM] Playing card Unrelenting (index 2) targeting Mawler
[INFO] Player 1 playing card UNRELENTING (targeting MAWLER.name (index 1))
[SIM] Playing card Unrelenting (index 3) targeting Mawler
[INFO] Player 1 playing card UNRELENTING (targeting MAWLER.name (index 1))
[SIM] Playing card PommelStrike (index 2) targeting Mawler
[INFO] Player 1 playing card POMMEL_STRIKE (targeting MAWLER.name (index 1))
[INFO] CHARACTER.IRONCLAD fought ENCOUNTER.MAWLER_NORMAL for the first time and WON >:)
[INFO] CHARACTER.IRONCLAD fought MONSTER.MAWLER for the first time and WON >:(
[SIM] Post-combat: RoomType=Monster, IsPreFinished=True
[INFO] Card rarity: Rolled 0.09161996, need < 0.03 for rare (offset = 0)
[INFO] Card rarity: Rolled 0.23704842, need < 0.04 for rare (offset = 0.01)
[INFO] Card rarity: Rolled 0.07143021, need < 0.049999997 for rare (offset = 0.02)
[INFO] Player 1 obtained 14 gold from reward
[INFO] Player 1 obtained POTION.BLOCK_POTION from potion reward
[SIM] Selected card reward: Rage
[SIM] Post-combat: RoomType=Monster, IsPreFinished=True
[SIM] Moving to map coord (1,14)
[SIM] Playing card DefendIronclad (index 1) targeting none
[INFO] Player 1 playing card DEFEND_IRONCLAD (no target)
[SIM] Playing card PommelStrike (index 1) targeting LeafSlimeM
[INFO] Player 1 playing card POMMEL_STRIKE (targeting LEAF_SLIME_M.name (index 1))
[SIM] Playing card PommelStrike (index 1) targeting LeafSlimeM
[INFO] Player 1 playing card POMMEL_STRIKE (targeting LEAF_SLIME_M.name (index 1))
[SIM] Ending turn (round=1)
[SIM] Playing card Unrelenting (index 2) targeting LeafSlimeM
[INFO] Player 1 playing card UNRELENTING (targeting LEAF_SLIME_M.name (index 1))
[SIM] Playing card DefendIronclad (index 0) targeting none
[INFO] Player 1 playing card DEFEND_IRONCLAD (no target)
[SIM] Playing card StrikeIronclad (index 1) targeting Flyconid
[INFO] Player 1 playing card STRIKE_IRONCLAD (targeting FLYCONID.name (index 1))
[SIM] Ending turn (round=2)
[SIM] Playing card StrikeIronclad (index 2) targeting Flyconid
[INFO] Player 1 playing card STRIKE_IRONCLAD (targeting FLYCONID.name (index 1))
[SIM] Playing card StrikeIronclad (index 3) targeting Flyconid
[INFO] Player 1 playing card STRIKE_IRONCLAD (targeting FLYCONID.name (index 1))
[SIM] Playing card Thrash (index 2) targeting Flyconid
[INFO] Player 1 playing card THRASH (targeting FLYCONID.name (index 1))
[SIM] Playing card Rage (index 0) targeting none
[INFO] Player 1 playing card RAGE (no target)
[SIM] Ending turn (round=3)
[SIM] Playing card ShrugItOff (index 1) targeting none
[INFO] Player 1 playing card SHRUG_IT_OFF (no target)
[SIM] Playing card ShrugItOff (index 2) targeting none
[INFO] Player 1 playing card SHRUG_IT_OFF (no target)
[SIM] Playing card BodySlam (index 1) targeting Flyconid
[INFO] Player 1 playing card BODY_SLAM (targeting FLYCONID.name (index 1))
[SIM] Ending turn (round=4)
[SIM] Playing card StrikeIronclad (index 2) targeting Flyconid
[INFO] Player 1 playing card STRIKE_IRONCLAD (targeting FLYCONID.name (index 1))
[SIM] Playing card StrikeIronclad (index 3) targeting Flyconid
[INFO] Player 1 playing card STRIKE_IRONCLAD (targeting FLYCONID.name (index 1))
[INFO] CHARACTER.IRONCLAD fought ENCOUNTER.FLYCONID_NORMAL for the first time and WON >:)
[INFO] CHARACTER.IRONCLAD fought MONSTER.LEAF_SLIME_M for the first time and WON >:(
[INFO] CHARACTER.IRONCLAD fought MONSTER.FLYCONID for the first time and WON >:(
[SIM] Post-combat: RoomType=Monster, IsPreFinished=True
[INFO] Card rarity: Rolled 0.948706, need < 0.06 for rare (offset = 0.03)
[INFO] Card rarity: Rolled 0.6276176, need < 0.07 for rare (offset = 0.04)
[INFO] Card rarity: Rolled 0.9121686, need < 0.08 for rare (offset = 0.049999997)
[INFO] Player 1 obtained 18 gold from reward
[SIM] Selected card reward: Armaments
[SIM] Post-combat: RoomType=Monster, IsPreFinished=True
[SIM] Moving to map coord (1,15)
[SIM] Choosing option 0
[SIM] Rest site: choosing option 0
[SIM] Rest site: option chosen (non-Smith), waiting for action then forcing to map
[SIM] Moving to map coord (3,16)
[SIM] Playing card ShrugItOff (index 4) targeting none
[INFO] Player 1 playing card SHRUG_IT_OFF (no target)
[SIM] Playing card PommelStrike (index 4) targeting CeremonialBeast
[INFO] Player 1 playing card POMMEL_STRIKE (targeting CEREMONIAL_BEAST.name (index 1))
[SIM] Playing card BodySlam (index 1) targeting CeremonialBeast
[INFO] Player 1 playing card BODY_SLAM (targeting CEREMONIAL_BEAST.name (index 1))
[SIM] Ending turn (round=1)
[SIM] Playing card DemonForm (index 0) targeting none
[INFO] Player 1 playing card DEMON_FORM (no target)
[SIM] Playing card Rage (index 0) targeting none
[INFO] Player 1 playing card RAGE (no target)
[SIM] Ending turn (round=2)
[SIM] Playing card Unrelenting (index 0) targeting CeremonialBeast
[INFO] Player 1 playing card UNRELENTING (targeting CEREMONIAL_BEAST.name (index 1))
[SIM] Playing card Bash (index 2) targeting CeremonialBeast
[INFO] Player 1 playing card BASH (targeting CEREMONIAL_BEAST.name (index 1))
[SIM] Playing card StrikeIronclad (index 1) targeting CeremonialBeast
[INFO] Player 1 playing card STRIKE_IRONCLAD (targeting CEREMONIAL_BEAST.name (index 1))
[SIM] Ending turn (round=3)
[SIM] Playing card ShrugItOff (index 2) targeting none
[INFO] Player 1 playing card SHRUG_IT_OFF (no target)
[SIM] Playing card DefendIronclad (index 1) targeting none
[INFO] Player 1 playing card DEFEND_IRONCLAD (no target)
[SIM] Playing card PommelStrike (index 2) targeting CeremonialBeast
[INFO] Player 1 playing card POMMEL_STRIKE (targeting CEREMONIAL_BEAST.name (index 1))
[SIM] Ending turn (round=4)
[SIM] Playing card ShrugItOff (index 4) targeting none
[INFO] Player 1 playing card SHRUG_IT_OFF (no target)
[SIM] Playing card StrikeIronclad (index 0) targeting CeremonialBeast
[INFO] Player 1 playing card STRIKE_IRONCLAD (targeting CEREMONIAL_BEAST.name (index 1))
[SIM] Playing card StrikeIronclad (index 2) targeting CeremonialBeast
[INFO] Player 1 playing card STRIKE_IRONCLAD (targeting CEREMONIAL_BEAST.name (index 1))
[SIM] Ending turn (round=5)
[SIM] Playing card Bash (index 4) targeting CeremonialBeast
[INFO] Player 1 playing card BASH (targeting CEREMONIAL_BEAST.name (index 1))
[SIM] Playing card StrikeIronclad (index 1) targeting CeremonialBeast
[INFO] Player 1 playing card STRIKE_IRONCLAD (targeting CEREMONIAL_BEAST.name (index 1))
[SIM] Playing card Rage (index 2) targeting none
[INFO] Player 1 playing card RAGE (no target)
[SIM] Ending turn (round=6)
[SIM] Playing card PommelStrike (index 3) targeting CeremonialBeast
[INFO] Player 1 playing card POMMEL_STRIKE (targeting CEREMONIAL_BEAST.name (index 1))
[SIM] Ending turn (round=7)
